{
  "area": "Até 50 ha",
  "culturas": [
    "Frutas",
    "Café"
  ],
  "descricao": "Melhor Performance nas Aplicações.",
  "nome": "Galaga II XP"
}