{
  "area": "Até 50 ha",
  "culturas": [
    "Hortaliças",
    "Cereais",
    "Pecuária",
    "Frutas",
    "Cana"
  ],
  "descricao": "Desenvolvida para uma pulverização uniforme, custo reduzido de manutenção e alto rendimento operacional diário comparado com aplicações manuais.\\nBomba de pistões com camisa de cerâmica altamente resistente ao desgaste. A bomba reduz a quantidade de paradas para manutenção, proporcionando uma maior disponibilidade do equipamento para o produtor, garantindo a aplicação no momento correto.",
  "nome": "PJ 401"
}